
> nextjs@0.1.0 dev
> next dev

   ▲ Next.js 15.5.21
   - Local:        http://localhost:56013
   - Network:      http://192.168.0.106:56013
   - Environments: .env.local

 ✓ Starting...
 ✓ Ready in 2.2s
 ○ Compiling /middleware ...
 ✓ Compiled /middleware in 919ms (173 modules)
 ○ Compiling / ...
 ✓ Compiled / in 5s (1621 modules)
 ✓ Compiled in 1086ms (740 modules)
 GET / 200 in 243ms
 GET / 200 in 144ms
 GET / 200 in 185ms
 GET / 200 in 247ms
 ✓ Compiled in 635ms (740 modules)
 ○ Compiling /_not-found ...
 ✓ Compiled /_not-found in 840ms (1594 modules)
 GET / 404 in 1134ms
 GET / 200 in 517ms
 ✓ Compiled in 468ms (744 modules)
 ✓ Compiled in 376ms (740 modules)
 ✓ Compiled in 274ms (740 modules)
 ✓ Compiled in 565ms (1762 modules)
 ○ Compiling /card-review ...
 ✓ Compiled /card-review in 1337ms (1617 modules)
 GET /card-review 200 in 1831ms
 GET /card-review 200 in 118ms
[?25h
